┌─────────────────────────────────────────────┐
│[1mForm Example[0m                                 │
│                                             │
│  Name: Test User                            │
│> Email: test@test.com                       │
│                                             │
│[3mTab: next field | Enter: submit | q: quit[0m    │
└─────────────────────────────────────────────┘[1mForm Example[0m  Name: Test User> Email: test@test.com[3mTab: next field | Enter: submit | q: quit[0m